IQ-TREE multicore version 2.4.0 for MacOS ARM 64-bit built Mar  8 2025
Developed by Bui Quang Minh, Nguyen Lam Tung, Olga Chernomor, Heiko Schmidt,
Dominik Schrempf, Michael Woodhams, Ly Trong Nhan, Thomas Wong

Host:    genome-hsv1.local (SSE4.2, 48 GB RAM)
Command: /Users/curtish/Applications/iqtree2 -nt 10 -t ../../iqtree.Qyeast_F_I_R6/merged_proteins.msa-muscle.faa.Qyeast_F_I_R6.treefile --gcf ./loci.treefile --prefix concordance
Seed:    263731 (Using SPRNG - Scalable Parallel Random Number Generator)
Time:    Sun May 24 22:55:49 2026
Kernel:  SSE2 - 10 threads (14 CPU cores detected)

Reading tree ../../iqtree.Qyeast_F_I_R6/merged_proteins.msa-muscle.faa.Qyeast_F_I_R6.treefile ...
un-rooted tree with 56 taxa and 109 branches
Reading tree(s) file ./loci.treefile ...
25 tree(s) loaded (0 rooted and 25 unrooted)
Computing gene concordance factor...
0.003 sec
Tree with concordance factors written to concordance.cf.tree
Annotated tree (best viewed in FigTree) written to concordance.cf.tree.nex
Tree with branch IDs written to concordance.cf.branch
Concordance factors per branch printed to concordance.cf.stat
WARNING: You probably want the --scfl option. The site concordance factor
 implemented with the --scf option is based on parsimony (described here:
 https://doi.org/10.1093/molbev/msaa106). It has since been superseded by a more
 accurate likelihood-based approach which is implemented in the --scfl option, and
 is described in the paper "Updated site concordance factors minimize effects of
 homoplasy and taxon sampling" by Yu et al.. Please see the tutorial here for more
 information: http://www.iqtree.org/doc/Concordance-Factor
Date and Time: Sun May 24 22:55:49 2026
